<html>
<body>
<pre>
<h1>礦ision Build Log</h1>
<h2>Tool Versions:</h2>
IDE-Version: μVision V5.14.0.0
Copyright (C) 2015 ARM Ltd and ARM Germany GmbH. All rights reserved.
License Information: 123 fangxiong2017@outlook.com, 123, LIC=PE701-CK3LT-4SUY4-FI5UR-WHZEK-ET8B1
 
Tool Versions:
Toolchain:       MDK-ARM Standard  Version: 5.14.0.0
Toolchain Path:  D:\software\MDK\ARM\ARMCC\Bin
C Compiler:      Armcc.exe V5.05 update 1 (build 106)
Assembler:       Armasm.exe V5.05 update 1 (build 106)
Linker/Locator:  ArmLink.exe V5.05 update 1 (build 106)
Library Manager: ArmAr.exe V5.05 update 1 (build 106)
Hex Converter:   FromElf.exe V5.05 update 1 (build 106)
CPU DLL:         SARMCM3.DLL V5.14.0.0
Dialog DLL:      DCM.DLL V1.13.1.0
Target DLL:      CMSIS_AGDI.dll V1.21.0.0
Dialog DLL:      TCM.DLL V1.14.4.0
 
<h2>Project:</h2>
C:\Users\fangx\Desktop\11-GPIO输出—使用固件库点亮LED灯\Project\RVMDK（uv5）\BH-F429.uvprojx
Project File Date:  01/07/2023

<h2>Output:</h2>
Build target '多彩流水灯'
compiling stm32f4xx_it.c...
compiling rx_data_queue.c...
linking...
Program Size: Code=3744 RO-data=600 RW-data=20 ZI-data=5164  
FromELF: creating hex file...
"..\..\Output\多彩流水灯.axf" - 0 Error(s), 0 Warning(s).

<h2>Collection of Component include folders:</h2>
  C:\Users\fangx\Desktop\11-GPIO输出—使用固件库点亮LED灯\Project\RVMDK（uv5）\RTE
  D:\software\MDK\ARM\PACK\Keil\STM32F4xx_DFP\1.0.8\Device\Include

<h2>Collection of Component Files used:</h2>
</pre>
</body>
</html>
